---
source: crates/engine/src/render.rs
expression: out
---
00:05.000  oo.|.+...
00:04.875  ...|T+..o
      ...     |:+
00:00.875  o..|:+...
00:00.750  ...|:+.o.
00:00.625  T..|H+..o
00:00.500  :o.|.+o..
00:00.375  :..|o+..o
00:00.250  H.o|.+...
00:00.125  .o.|.+.o.
00:00.000  o..|o+...
           rmi|t+imr  k7.313_right_thumb
