---
source: xtask/tests/fixtures.rs
expression: "(db, diags)"
---
(
    OsuDb {
        version: 20260924,
        folder_count: 12,
        account_unlocked: 1,
        unlock_ticks: 180000000000,
        player_name: Present("fixture"),
        beatmaps: [
            OsuDbBeatmap {
                artist: Present("artist-1"),
                artist_unicode: Present("artist_unicode-1"),
                title: Present("title-1"),
                title_unicode: Present("title_unicode-1"),
                creator: Present("creator-1"),
                difficulty: Present("difficulty-1"),
                audio_file: Present("audio-1"),
                md5: Present("643833896a402cef06fd6ee5c120211a"),
                osu_file: Present("file-1"),
                ranked_status: 1,
                n_circles: 293,
                n_sliders: 2826,
                n_spinners: 0,
                last_modified_ticks: 639224176548966854,
                approach_rate: 10.0,
                circle_size: 7.0,
                hp_drain: 0.0,
                overall_difficulty: 0.0,
                slider_velocity: 1.4,
                star_ratings: [
                    [],
                    [],
                    [],
                    [
                        StarRating {
                            mods: 0,
                            stars: 10.342844009399414,
                        },
                        StarRating {
                            mods: 64,
                            stars: 14.709372520446777,
                        },
                        StarRating {
                            mods: 256,
                            stars: 8.110753059387207,
                        },
                        StarRating {
                            mods: 2,
                            stars: 10.342844009399414,
                        },
                        StarRating {
                            mods: 66,
                            stars: 14.709372520446777,
                        },
                        StarRating {
                            mods: 258,
                            stars: 8.110753059387207,
                        },
                        StarRating {
                            mods: 16,
                            stars: 10.342844009399414,
                        },
                        StarRating {
                            mods: 80,
                            stars: 14.709372520446777,
                        },
                        StarRating {
                            mods: 272,
                            stars: 8.110753059387207,
                        },
                    ],
                ],
                drain_time_s: 127,
                total_time_ms: 127923,
                preview_time_ms: 29957,
                timing_points: [
                    TimingPoint {
                        bpm: 263.5046,
                        offset: 195.0,
                        uninherited: 1,
                    },
                    TimingPoint {
                        bpm: 131.7532,
                        offset: 33397.0,
                        uninherited: 1,
                    },
                    TimingPoint {
                        bpm: 263.5046,
                        offset: 33924.0,
                        uninherited: 1,
                    },
                ],
                beatmap_id: 1001,
                beatmapset_id: 1001,
                thread_id: 0,
                grades: [
                    9,
                    9,
                    9,
                    9,
                ],
                local_offset: 0,
                stack_leniency: 0.7,
                mode: 3,
                source: Present(""),
                tags: Present(""),
                online_offset: 0,
                title_font: Present(""),
                unplayed: 1,
                last_played_ticks: 180000000000,
                is_osz2: 0,
                folder: Present("folder-1"),
                last_checked_ticks: 639237006949410500,
                ignore_sound: 0,
                ignore_skin: 1,
                disable_storyboard: 0,
                disable_video: 0,
                visual_override: 0,
                last_modified_raw: 0,
                mania_scroll_speed: 0,
            },
            OsuDbBeatmap {
                artist: Present("artist-2"),
                artist_unicode: Present("artist_unicode-2"),
                title: Present("title-2"),
                title_unicode: Present("title_unicode-2"),
                creator: Present("creator-2"),
                difficulty: Present("difficulty-2"),
                audio_file: Present("audio-2"),
                md5: Present("a21fb704fa3a4e6e112f3e0004b0f2f5"),
                osu_file: Present("file-2"),
                ranked_status: 2,
                n_circles: 1578,
                n_sliders: 466,
                n_spinners: 0,
                last_modified_ticks: 639138877965923648,
                approach_rate: 5.0,
                circle_size: 7.0,
                hp_drain: 8.0,
                overall_difficulty: 8.0,
                slider_velocity: 1.4,
                star_ratings: [
                    [],
                    [],
                    [],
                    [
                        StarRating {
                            mods: 0,
                            stars: 5.027336120605469,
                        },
                        StarRating {
                            mods: 64,
                            stars: 6.985389232635498,
                        },
                        StarRating {
                            mods: 256,
                            stars: 4.021079063415527,
                        },
                        StarRating {
                            mods: 2,
                            stars: 5.027336120605469,
                        },
                        StarRating {
                            mods: 66,
                            stars: 6.985389232635498,
                        },
                        StarRating {
                            mods: 258,
                            stars: 4.021079063415527,
                        },
                        StarRating {
                            mods: 16,
                            stars: 5.027336120605469,
                        },
                        StarRating {
                            mods: 80,
                            stars: 6.985389232635498,
                        },
                        StarRating {
                            mods: 272,
                            stars: 4.021079063415527,
                        },
                    ],
                ],
                drain_time_s: 171,
                total_time_ms: 199019,
                preview_time_ms: -1,
                timing_points: [
                    TimingPoint {
                        bpm: 428.571428571429,
                        offset: 20734.0,
                        uninherited: 1,
                    },
                ],
                beatmap_id: 1002,
                beatmapset_id: 1002,
                thread_id: 0,
                grades: [
                    9,
                    9,
                    9,
                    9,
                ],
                local_offset: 0,
                stack_leniency: 0.7,
                mode: 3,
                source: Present(""),
                tags: Present(""),
                online_offset: 0,
                title_font: Present(""),
                unplayed: 1,
                last_played_ticks: 180000000000,
                is_osz2: 0,
                folder: Present("folder-2"),
                last_checked_ticks: 639163701796646044,
                ignore_sound: 0,
                ignore_skin: 0,
                disable_storyboard: 0,
                disable_video: 0,
                visual_override: 0,
                last_modified_raw: 0,
                mania_scroll_speed: 0,
            },
            OsuDbBeatmap {
                artist: Present("artist-3"),
                artist_unicode: Present("artist_unicode-3"),
                title: Present("title-3"),
                title_unicode: Present("title_unicode-3"),
                creator: Present("creator-3"),
                difficulty: Present("difficulty-3"),
                audio_file: Present("audio-3"),
                md5: Present("8154c0376d70816b81540920775e0556"),
                osu_file: Present("file-3"),
                ranked_status: 1,
                n_circles: 2120,
                n_sliders: 0,
                n_spinners: 0,
                last_modified_ticks: 639164748513438774,
                approach_rate: 0.0,
                circle_size: 7.0,
                hp_drain: 7.0,
                overall_difficulty: 8.0,
                slider_velocity: 1.0,
                star_ratings: [
                    [],
                    [],
                    [],
                    [
                        StarRating {
                            mods: 0,
                            stars: 6.256019592285156,
                        },
                        StarRating {
                            mods: 64,
                            stars: 8.872374534606934,
                        },
                        StarRating {
                            mods: 256,
                            stars: 4.922350883483887,
                        },
                        StarRating {
                            mods: 2,
                            stars: 6.256019592285156,
                        },
                        StarRating {
                            mods: 66,
                            stars: 8.872374534606934,
                        },
                        StarRating {
                            mods: 258,
                            stars: 4.922350883483887,
                        },
                        StarRating {
                            mods: 16,
                            stars: 6.256019592285156,
                        },
                        StarRating {
                            mods: 80,
                            stars: 8.872374534606934,
                        },
                        StarRating {
                            mods: 272,
                            stars: 4.922350883483887,
                        },
                    ],
                ],
                drain_time_s: 100,
                total_time_ms: 112184,
                preview_time_ms: -1,
                timing_points: [
                    TimingPoint {
                        bpm: 315.789474,
                        offset: 0.0,
                        uninherited: 1,
                    },
                    TimingPoint {
                        bpm: 315.789474,
                        offset: 1263.157895,
                        uninherited: 1,
                    },
                    TimingPoint {
                        bpm: 315.789474,
                        offset: 2526.315789,
                        uninherited: 1,
                    },
                ],
                beatmap_id: 0,
                beatmapset_id: 0,
                thread_id: 0,
                grades: [
                    9,
                    9,
                    9,
                    9,
                ],
                local_offset: 0,
                stack_leniency: 0.7,
                mode: 3,
                source: Present("source-3"),
                tags: Present("tags-3"),
                online_offset: 0,
                title_font: Present(""),
                unplayed: 1,
                last_played_ticks: 639170773671027532,
                is_osz2: 0,
                folder: Present("folder-3"),
                last_checked_ticks: 639164572442670824,
                ignore_sound: 0,
                ignore_skin: 0,
                disable_storyboard: 0,
                disable_video: 0,
                visual_override: 0,
                last_modified_raw: 0,
                mania_scroll_speed: 0,
            },
            OsuDbBeatmap {
                artist: Present("artist-4"),
                artist_unicode: Present("artist_unicode-4"),
                title: Present("title-4"),
                title_unicode: Present("title_unicode-4"),
                creator: Present("creator-4"),
                difficulty: Present("difficulty-4"),
                audio_file: Present("audio-4"),
                md5: Present("b94e1cdf1d79fc9dc94136ff3fb70ce5"),
                osu_file: Present("file-4"),
                ranked_status: 2,
                n_circles: 634,
                n_sliders: 472,
                n_spinners: 0,
                last_modified_ticks: 639138891081010706,
                approach_rate: 4.0,
                circle_size: 4.0,
                hp_drain: 8.2,
                overall_difficulty: 6.5,
                slider_velocity: 1.4,
                star_ratings: [
                    [],
                    [],
                    [],
                    [
                        StarRating {
                            mods: 0,
                            stars: 3.7858939170837402,
                        },
                        StarRating {
                            mods: 64,
                            stars: 5.13934326171875,
                        },
                        StarRating {
                            mods: 256,
                            stars: 3.071981906890869,
                        },
                        StarRating {
                            mods: 2,
                            stars: 3.7858939170837402,
                        },
                        StarRating {
                            mods: 66,
                            stars: 5.13934326171875,
                        },
                        StarRating {
                            mods: 258,
                            stars: 3.071981906890869,
                        },
                        StarRating {
                            mods: 16,
                            stars: 3.7858939170837402,
                        },
                        StarRating {
                            mods: 80,
                            stars: 5.13934326171875,
                        },
                        StarRating {
                            mods: 272,
                            stars: 3.071981906890869,
                        },
                    ],
                ],
                drain_time_s: 117,
                total_time_ms: 119366,
                preview_time_ms: 44594,
                timing_points: [
                    TimingPoint {
                        bpm: 454.545454545455,
                        offset: 2094.0,
                        uninherited: 1,
                    },
                ],
                beatmap_id: 1004,
                beatmapset_id: 1004,
                thread_id: 0,
                grades: [
                    9,
                    9,
                    9,
                    9,
                ],
                local_offset: 0,
                stack_leniency: 0.7,
                mode: 3,
                source: Present("source-4"),
                tags: Present("tags-4"),
                online_offset: 0,
                title_font: Present(""),
                unplayed: 1,
                last_played_ticks: 180000000000,
                is_osz2: 0,
                folder: Present("folder-4"),
                last_checked_ticks: 639187110598762202,
                ignore_sound: 0,
                ignore_skin: 0,
                disable_storyboard: 0,
                disable_video: 0,
                visual_override: 0,
                last_modified_raw: 0,
                mania_scroll_speed: 0,
            },
            OsuDbBeatmap {
                artist: Present("artist-5"),
                artist_unicode: Present("artist_unicode-5"),
                title: Present("title-5"),
                title_unicode: Present("title_unicode-5"),
                creator: Present("creator-5"),
                difficulty: Present("difficulty-5"),
                audio_file: Present("audio-5"),
                md5: Present("fd6540d2cd92f322750344f2c91a6208"),
                osu_file: Present("file-5"),
                ranked_status: 2,
                n_circles: 3248,
                n_sliders: 1320,
                n_spinners: 0,
                last_modified_ticks: 639138889784656297,
                approach_rate: 5.0,
                circle_size: 7.0,
                hp_drain: 8.0,
                overall_difficulty: 8.0,
                slider_velocity: 1.4,
                star_ratings: [
                    [],
                    [],
                    [],
                    [
                        StarRating {
                            mods: 0,
                            stars: 5.905604839324951,
                        },
                        StarRating {
                            mods: 64,
                            stars: 8.342123031616211,
                        },
                        StarRating {
                            mods: 256,
                            stars: 4.660956382751465,
                        },
                        StarRating {
                            mods: 2,
                            stars: 5.905604839324951,
                        },
                        StarRating {
                            mods: 66,
                            stars: 8.342123031616211,
                        },
                        StarRating {
                            mods: 258,
                            stars: 4.660956382751465,
                        },
                        StarRating {
                            mods: 16,
                            stars: 5.905604839324951,
                        },
                        StarRating {
                            mods: 80,
                            stars: 8.342123031616211,
                        },
                        StarRating {
                            mods: 272,
                            stars: 4.660956382751465,
                        },
                    ],
                ],
                drain_time_s: 245,
                total_time_ms: 246177,
                preview_time_ms: 76120,
                timing_points: [
                    TimingPoint {
                        bpm: 342.857142857143,
                        offset: 6.0,
                        uninherited: 1,
                    },
                ],
                beatmap_id: 1005,
                beatmapset_id: 1005,
                thread_id: 0,
                grades: [
                    3,
                    9,
                    9,
                    9,
                ],
                local_offset: 0,
                stack_leniency: 0.7,
                mode: 3,
                source: Present(""),
                tags: Present("tags-5"),
                online_offset: 0,
                title_font: Present(""),
                unplayed: 0,
                last_played_ticks: 639252801024728329,
                is_osz2: 0,
                folder: Present("folder-5"),
                last_checked_ticks: 639139559277763087,
                ignore_sound: 0,
                ignore_skin: 0,
                disable_storyboard: 0,
                disable_video: 0,
                visual_override: 0,
                last_modified_raw: 0,
                mania_scroll_speed: 0,
            },
            OsuDbBeatmap {
                artist: Present("artist-6"),
                artist_unicode: Present("artist_unicode-6"),
                title: Present("title-6"),
                title_unicode: Present("title_unicode-6"),
                creator: Present("creator-6"),
                difficulty: Present("difficulty-6"),
                audio_file: Present("audio-6"),
                md5: Present("abe13c023e5ebdfc2ed02cd589d46d71"),
                osu_file: Present("file-6"),
                ranked_status: 7,
                n_circles: 4482,
                n_sliders: 0,
                n_spinners: 0,
                last_modified_ticks: 639138882834711681,
                approach_rate: 5.0,
                circle_size: 7.0,
                hp_drain: 8.0,
                overall_difficulty: 8.0,
                slider_velocity: 1.4,
                star_ratings: [
                    [],
                    [],
                    [],
                    [
                        StarRating {
                            mods: 0,
                            stars: 6.304316997528076,
                        },
                        StarRating {
                            mods: 64,
                            stars: 8.98277473449707,
                        },
                        StarRating {
                            mods: 256,
                            stars: 4.960724830627441,
                        },
                        StarRating {
                            mods: 2,
                            stars: 6.304316997528076,
                        },
                        StarRating {
                            mods: 66,
                            stars: 8.98277473449707,
                        },
                        StarRating {
                            mods: 258,
                            stars: 4.960724830627441,
                        },
                        StarRating {
                            mods: 16,
                            stars: 6.304316997528076,
                        },
                        StarRating {
                            mods: 80,
                            stars: 8.98277473449707,
                        },
                        StarRating {
                            mods: 272,
                            stars: 4.960724830627441,
                        },
                    ],
                ],
                drain_time_s: 174,
                total_time_ms: 178645,
                preview_time_ms: 64454,
                timing_points: [
                    TimingPoint {
                        bpm: 375.0,
                        offset: 4645.0,
                        uninherited: 1,
                    },
                ],
                beatmap_id: 1006,
                beatmapset_id: 1006,
                thread_id: 0,
                grades: [
                    3,
                    9,
                    9,
                    9,
                ],
                local_offset: 0,
                stack_leniency: 0.7,
                mode: 3,
                source: Present("source-6"),
                tags: Present("tags-6"),
                online_offset: 0,
                title_font: Present(""),
                unplayed: 0,
                last_played_ticks: 639163125108373243,
                is_osz2: 0,
                folder: Present("folder-6"),
                last_checked_ticks: 639138714937620440,
                ignore_sound: 0,
                ignore_skin: 0,
                disable_storyboard: 0,
                disable_video: 0,
                visual_override: 0,
                last_modified_raw: 0,
                mania_scroll_speed: 0,
            },
            OsuDbBeatmap {
                artist: Present("artist-7"),
                artist_unicode: Present("artist_unicode-7"),
                title: Present("title-7"),
                title_unicode: Present("title_unicode-7"),
                creator: Present("creator-7"),
                difficulty: Present("difficulty-7"),
                audio_file: Present("audio-7"),
                md5: Present("184ddcb36e9650f78d2c450425b378fe"),
                osu_file: Present("file-7"),
                ranked_status: 2,
                n_circles: 286,
                n_sliders: 105,
                n_spinners: 0,
                last_modified_ticks: 639138890211218277,
                approach_rate: 9.6,
                circle_size: 4.0,
                hp_drain: 6.5,
                overall_difficulty: 9.3,
                slider_velocity: 1.93,
                star_ratings: [
                    [
                        StarRating {
                            mods: 0,
                            stars: 6.5735883712768555,
                        },
                        StarRating {
                            mods: 256,
                            stars: 5.155257701873779,
                        },
                        StarRating {
                            mods: 64,
                            stars: 9.889714241027832,
                        },
                        StarRating {
                            mods: 2,
                            stars: 6.749664783477783,
                        },
                        StarRating {
                            mods: 258,
                            stars: 5.550992965698242,
                        },
                        StarRating {
                            mods: 66,
                            stars: 9.251309394836426,
                        },
                        StarRating {
                            mods: 16,
                            stars: 7.11894416809082,
                        },
                        StarRating {
                            mods: 272,
                            stars: 5.561466693878174,
                        },
                        StarRating {
                            mods: 80,
                            stars: 11.03803825378418,
                        },
                        StarRating {
                            mods: 1024,
                            stars: 7.3415608406066895,
                        },
                        StarRating {
                            mods: 1280,
                            stars: 5.864378452301025,
                        },
                        StarRating {
                            mods: 1088,
                            stars: 10.663187980651855,
                        },
                        StarRating {
                            mods: 1026,
                            stars: 6.921057224273682,
                        },
                        StarRating {
                            mods: 1282,
                            stars: 5.672128677368164,
                        },
                        StarRating {
                            mods: 1090,
                            stars: 9.517206192016602,
                        },
                        StarRating {
                            mods: 1040,
                            stars: 8.066427230834961,
                        },
                        StarRating {
                            mods: 1296,
                            stars: 6.441258907318115,
                        },
                        StarRating {
                            mods: 1104,
                            stars: 11.943743705749512,
                        },
                        StarRating {
                            mods: 8,
                            stars: 6.786920547485352,
                        },
                        StarRating {
                            mods: 264,
                            stars: 5.478372573852539,
                        },
                        StarRating {
                            mods: 72,
                            stars: 9.997851371765137,
                        },
                        StarRating {
                            mods: 10,
                            stars: 7.373026371002197,
                        },
                        StarRating {
                            mods: 266,
                            stars: 6.385989189147949,
                        },
                        StarRating {
                            mods: 74,
                            stars: 9.634459495544434,
                        },
                        StarRating {
                            mods: 24,
                            stars: 7.288393020629883,
                        },
                        StarRating {
                            mods: 280,
                            stars: 5.815630912780762,
                        },
                        StarRating {
                            mods: 88,
                            stars: 11.124101638793945,
                        },
                        StarRating {
                            mods: 1032,
                            stars: 7.653466701507568,
                        },
                        StarRating {
                            mods: 1288,
                            stars: 6.235581874847412,
                        },
                        StarRating {
                            mods: 1096,
                            stars: 10.906269073486328,
                        },
                        StarRating {
                            mods: 1034,
                            stars: 7.6779866218566895,
                        },
                        StarRating {
                            mods: 1290,
                            stars: 6.547860145568848,
                        },
                        StarRating {
                            mods: 1098,
                            stars: 10.24776554107666,
                        },
                        StarRating {
                            mods: 1048,
                            stars: 8.3673734664917,
                        },
                        StarRating {
                            mods: 1304,
                            stars: 6.77806282043457,
                        },
                        StarRating {
                            mods: 1112,
                            stars: 12.187382698059082,
                        },
                    ],
                    [],
                    [],
                    [
                        StarRating {
                            mods: 0,
                            stars: 2.9039320945739746,
                        },
                        StarRating {
                            mods: 64,
                            stars: 3.818880558013916,
                        },
                        StarRating {
                            mods: 256,
                            stars: 2.402984380722046,
                        },
                        StarRating {
                            mods: 2,
                            stars: 2.9039320945739746,
                        },
                        StarRating {
                            mods: 66,
                            stars: 3.818880558013916,
                        },
                        StarRating {
                            mods: 258,
                            stars: 2.402984380722046,
                        },
                        StarRating {
                            mods: 16,
                            stars: 2.9039320945739746,
                        },
                        StarRating {
                            mods: 80,
                            stars: 3.818880558013916,
                        },
                        StarRating {
                            mods: 272,
                            stars: 2.402984380722046,
                        },
                        StarRating {
                            mods: 32768,
                            stars: 2.870534658432007,
                        },
                        StarRating {
                            mods: 32832,
                            stars: 3.7724926471710205,
                        },
                        StarRating {
                            mods: 33024,
                            stars: 2.3577330112457275,
                        },
                        StarRating {
                            mods: 32770,
                            stars: 2.870534658432007,
                        },
                        StarRating {
                            mods: 32834,
                            stars: 3.7724926471710205,
                        },
                        StarRating {
                            mods: 33026,
                            stars: 2.3577330112457275,
                        },
                        StarRating {
                            mods: 32784,
                            stars: 2.870534658432007,
                        },
                        StarRating {
                            mods: 32848,
                            stars: 3.7724926471710205,
                        },
                        StarRating {
                            mods: 33040,
                            stars: 2.3577330112457275,
                        },
                        StarRating {
                            mods: 33587200,
                            stars: 3.139753818511963,
                        },
                        StarRating {
                            mods: 33587264,
                            stars: 4.121220111846924,
                        },
                        StarRating {
                            mods: 33587456,
                            stars: 2.608668327331543,
                        },
                        StarRating {
                            mods: 33587202,
                            stars: 3.139753818511963,
                        },
                        StarRating {
                            mods: 33587266,
                            stars: 4.121220111846924,
                        },
                        StarRating {
                            mods: 33587458,
                            stars: 2.608668327331543,
                        },
                        StarRating {
                            mods: 33587216,
                            stars: 3.139753818511963,
                        },
                        StarRating {
                            mods: 33587280,
                            stars: 4.121220111846924,
                        },
                        StarRating {
                            mods: 33587472,
                            stars: 2.608668327331543,
                        },
                        StarRating {
                            mods: 65536,
                            stars: 2.923672676086426,
                        },
                        StarRating {
                            mods: 65600,
                            stars: 3.8876943588256836,
                        },
                        StarRating {
                            mods: 65792,
                            stars: 2.422579526901245,
                        },
                        StarRating {
                            mods: 65538,
                            stars: 2.923672676086426,
                        },
                        StarRating {
                            mods: 65602,
                            stars: 3.8876943588256836,
                        },
                        StarRating {
                            mods: 65794,
                            stars: 2.422579526901245,
                        },
                        StarRating {
                            mods: 65552,
                            stars: 2.923672676086426,
                        },
                        StarRating {
                            mods: 65616,
                            stars: 3.8876943588256836,
                        },
                        StarRating {
                            mods: 65808,
                            stars: 2.422579526901245,
                        },
                        StarRating {
                            mods: 33619968,
                            stars: 2.8388824462890625,
                        },
                        StarRating {
                            mods: 33620032,
                            stars: 3.651357650756836,
                        },
                        StarRating {
                            mods: 33620224,
                            stars: 2.3398146629333496,
                        },
                        StarRating {
                            mods: 33619970,
                            stars: 2.8388824462890625,
                        },
                        StarRating {
                            mods: 33620034,
                            stars: 3.651357650756836,
                        },
                        StarRating {
                            mods: 33620226,
                            stars: 2.3398146629333496,
                        },
                        StarRating {
                            mods: 33619984,
                            stars: 2.8388824462890625,
                        },
                        StarRating {
                            mods: 33620048,
                            stars: 3.651357650756836,
                        },
                        StarRating {
                            mods: 33620240,
                            stars: 2.3398146629333496,
                        },
                        StarRating {
                            mods: 131072,
                            stars: 2.935699462890625,
                        },
                        StarRating {
                            mods: 131136,
                            stars: 3.8947558403015137,
                        },
                        StarRating {
                            mods: 131328,
                            stars: 2.4191877841949463,
                        },
                        StarRating {
                            mods: 131074,
                            stars: 2.935699462890625,
                        },
                        StarRating {
                            mods: 131138,
                            stars: 3.8947558403015137,
                        },
                        StarRating {
                            mods: 131330,
                            stars: 2.4191877841949463,
                        },
                        StarRating {
                            mods: 131088,
                            stars: 2.935699462890625,
                        },
                        StarRating {
                            mods: 131152,
                            stars: 3.8947558403015137,
                        },
                        StarRating {
                            mods: 131344,
                            stars: 2.4191877841949463,
                        },
                        StarRating {
                            mods: 33685504,
                            stars: 2.760847330093384,
                        },
                        StarRating {
                            mods: 33685568,
                            stars: 3.6392412185668945,
                        },
                        StarRating {
                            mods: 33685760,
                            stars: 2.294557809829712,
                        },
                        StarRating {
                            mods: 33685506,
                            stars: 2.760847330093384,
                        },
                        StarRating {
                            mods: 33685570,
                            stars: 3.6392412185668945,
                        },
                        StarRating {
                            mods: 33685762,
                            stars: 2.294557809829712,
                        },
                        StarRating {
                            mods: 33685520,
                            stars: 2.760847330093384,
                        },
                        StarRating {
                            mods: 33685584,
                            stars: 3.6392412185668945,
                        },
                        StarRating {
                            mods: 33685776,
                            stars: 2.294557809829712,
                        },
                        StarRating {
                            mods: 262144,
                            stars: 2.9039320945739746,
                        },
                        StarRating {
                            mods: 262208,
                            stars: 3.818880558013916,
                        },
                        StarRating {
                            mods: 262400,
                            stars: 2.402984380722046,
                        },
                        StarRating {
                            mods: 262146,
                            stars: 2.9039320945739746,
                        },
                        StarRating {
                            mods: 262210,
                            stars: 3.818880558013916,
                        },
                        StarRating {
                            mods: 262402,
                            stars: 2.402984380722046,
                        },
                        StarRating {
                            mods: 262160,
                            stars: 2.9039320945739746,
                        },
                        StarRating {
                            mods: 262224,
                            stars: 3.818880558013916,
                        },
                        StarRating {
                            mods: 262416,
                            stars: 2.402984380722046,
                        },
                        StarRating {
                            mods: 33816576,
                            stars: 2.690427541732788,
                        },
                        StarRating {
                            mods: 33816640,
                            stars: 3.533020496368408,
                        },
                        StarRating {
                            mods: 33816832,
                            stars: 2.241710662841797,
                        },
                        StarRating {
                            mods: 33816578,
                            stars: 2.690427541732788,
                        },
                        StarRating {
                            mods: 33816642,
                            stars: 3.533020496368408,
                        },
                        StarRating {
                            mods: 33816834,
                            stars: 2.241710662841797,
                        },
                        StarRating {
                            mods: 33816592,
                            stars: 2.690427541732788,
                        },
                        StarRating {
                            mods: 33816656,
                            stars: 3.533020496368408,
                        },
                        StarRating {
                            mods: 33816848,
                            stars: 2.241710662841797,
                        },
                        StarRating {
                            mods: 524288,
                            stars: 3.139753818511963,
                        },
                        StarRating {
                            mods: 524352,
                            stars: 4.121220111846924,
                        },
                        StarRating {
                            mods: 524544,
                            stars: 2.608668327331543,
                        },
                        StarRating {
                            mods: 524290,
                            stars: 3.139753818511963,
                        },
                        StarRating {
                            mods: 524354,
                            stars: 4.121220111846924,
                        },
                        StarRating {
                            mods: 524546,
                            stars: 2.608668327331543,
                        },
                        StarRating {
                            mods: 524304,
                            stars: 3.139753818511963,
                        },
                        StarRating {
                            mods: 524368,
                            stars: 4.121220111846924,
                        },
                        StarRating {
                            mods: 524560,
                            stars: 2.608668327331543,
                        },
                        StarRating {
                            mods: 34078720,
                            stars: 2.573928117752075,
                        },
                        StarRating {
                            mods: 34078784,
                            stars: 3.3707525730133057,
                        },
                        StarRating {
                            mods: 34078976,
                            stars: 2.152437925338745,
                        },
                        StarRating {
                            mods: 34078722,
                            stars: 2.573928117752075,
                        },
                        StarRating {
                            mods: 34078786,
                            stars: 3.3707525730133057,
                        },
                        StarRating {
                            mods: 34078978,
                            stars: 2.152437925338745,
                        },
                        StarRating {
                            mods: 34078736,
                            stars: 2.573928117752075,
                        },
                        StarRating {
                            mods: 34078800,
                            stars: 3.3707525730133057,
                        },
                        StarRating {
                            mods: 34078992,
                            stars: 2.152437925338745,
                        },
                        StarRating {
                            mods: 16777216,
                            stars: 3.0387446880340576,
                        },
                        StarRating {
                            mods: 16777280,
                            stars: 3.9469034671783447,
                        },
                        StarRating {
                            mods: 16777472,
                            stars: 2.516423225402832,
                        },
                        StarRating {
                            mods: 16777218,
                            stars: 3.0387446880340576,
                        },
                        StarRating {
                            mods: 16777282,
                            stars: 3.9469034671783447,
                        },
                        StarRating {
                            mods: 16777474,
                            stars: 2.516423225402832,
                        },
                        StarRating {
                            mods: 16777232,
                            stars: 3.0387446880340576,
                        },
                        StarRating {
                            mods: 16777296,
                            stars: 3.9469034671783447,
                        },
                        StarRating {
                            mods: 16777488,
                            stars: 2.516423225402832,
                        },
                        StarRating {
                            mods: 50331648,
                            stars: 2.7287020683288574,
                        },
                        StarRating {
                            mods: 50331712,
                            stars: 3.5405173301696777,
                        },
                        StarRating {
                            mods: 50331904,
                            stars: 2.2926666736602783,
                        },
                        StarRating {
                            mods: 50331650,
                            stars: 2.7287020683288574,
                        },
                        StarRating {
                            mods: 50331714,
                            stars: 3.5405173301696777,
                        },
                        StarRating {
                            mods: 50331906,
                            stars: 2.2926666736602783,
                        },
                        StarRating {
                            mods: 50331664,
                            stars: 2.7287020683288574,
                        },
                        StarRating {
                            mods: 50331728,
                            stars: 3.5405173301696777,
                        },
                        StarRating {
                            mods: 50331920,
                            stars: 2.2926666736602783,
                        },
                    ],
                ],
                drain_time_s: 81,
                total_time_ms: 88506,
                preview_time_ms: 59177,
                timing_points: [
                    TimingPoint {
                        bpm: 298.507462686567,
                        offset: 148.0,
                        uninherited: 1,
                    },
                ],
                beatmap_id: 1007,
                beatmapset_id: 1007,
                thread_id: 0,
                grades: [
                    9,
                    9,
                    9,
                    9,
                ],
                local_offset: 0,
                stack_leniency: 0.7,
                mode: 0,
                source: Present("source-7"),
                tags: Present("tags-7"),
                online_offset: 0,
                title_font: Present(""),
                unplayed: 1,
                last_played_ticks: 180000000000,
                is_osz2: 0,
                folder: Present("folder-7"),
                last_checked_ticks: 639139559377771921,
                ignore_sound: 0,
                ignore_skin: 0,
                disable_storyboard: 0,
                disable_video: 0,
                visual_override: 0,
                last_modified_raw: 0,
                mania_scroll_speed: 0,
            },
            OsuDbBeatmap {
                artist: Present("artist-8"),
                artist_unicode: Present("artist_unicode-8"),
                title: Present("title-8"),
                title_unicode: Present("title_unicode-8"),
                creator: Present("creator-8"),
                difficulty: Present("difficulty-8"),
                audio_file: Present("audio-8"),
                md5: Present("ab75034dbbd206fadd14a615c9977ab2"),
                osu_file: Present("file-8"),
                ranked_status: 4,
                n_circles: 1974,
                n_sliders: 0,
                n_spinners: 0,
                last_modified_ticks: 639142005560583763,
                approach_rate: 5.0,
                circle_size: 7.0,
                hp_drain: 7.0,
                overall_difficulty: 8.0,
                slider_velocity: 1.4,
                star_ratings: [
                    [],
                    [],
                    [],
                    [
                        StarRating {
                            mods: 0,
                            stars: 3.1841013431549072,
                        },
                        StarRating {
                            mods: 64,
                            stars: 4.325056076049805,
                        },
                        StarRating {
                            mods: 256,
                            stars: 2.600066661834717,
                        },
                        StarRating {
                            mods: 2,
                            stars: 3.1841013431549072,
                        },
                        StarRating {
                            mods: 66,
                            stars: 4.325056076049805,
                        },
                        StarRating {
                            mods: 258,
                            stars: 2.600066661834717,
                        },
                        StarRating {
                            mods: 16,
                            stars: 3.1841013431549072,
                        },
                        StarRating {
                            mods: 80,
                            stars: 4.325056076049805,
                        },
                        StarRating {
                            mods: 272,
                            stars: 2.600066661834717,
                        },
                    ],
                ],
                drain_time_s: 181,
                total_time_ms: 181424,
                preview_time_ms: 92466,
                timing_points: [
                    TimingPoint {
                        bpm: 521.739130434783,
                        offset: 903.0,
                        uninherited: 1,
                    },
                ],
                beatmap_id: 1008,
                beatmapset_id: 1008,
                thread_id: 0,
                grades: [
                    9,
                    9,
                    9,
                    9,
                ],
                local_offset: 0,
                stack_leniency: 0.7,
                mode: 3,
                source: Present(""),
                tags: Present("tags-8"),
                online_offset: 0,
                title_font: Present(""),
                unplayed: 0,
                last_played_ticks: 639180993691965714,
                is_osz2: 0,
                folder: Present("folder-8"),
                last_checked_ticks: 639149702207415970,
                ignore_sound: 0,
                ignore_skin: 0,
                disable_storyboard: 0,
                disable_video: 0,
                visual_override: 0,
                last_modified_raw: 0,
                mania_scroll_speed: 0,
            },
            OsuDbBeatmap {
                artist: Present("artist-9"),
                artist_unicode: Present("artist_unicode-9"),
                title: Present("title-9"),
                title_unicode: Present("title_unicode-9"),
                creator: Present("creator-9"),
                difficulty: Present("difficulty-9"),
                audio_file: Present("audio-9"),
                md5: Present("73ca332639f932c31f40654f0e814b0d"),
                osu_file: Present("file-9"),
                ranked_status: 2,
                n_circles: 848,
                n_sliders: 0,
                n_spinners: 0,
                last_modified_ticks: 639138884546569144,
                approach_rate: 9.0,
                circle_size: 4.0,
                hp_drain: 6.0,
                overall_difficulty: 6.0,
                slider_velocity: 1.4,
                star_ratings: [
                    [],
                    [
                        StarRating {
                            mods: 0,
                            stars: 4.950902462005615,
                        },
                        StarRating {
                            mods: 64,
                            stars: 6.791125774383545,
                        },
                        StarRating {
                            mods: 256,
                            stars: 3.9379732608795166,
                        },
                        StarRating {
                            mods: 16,
                            stars: 5.026546478271484,
                        },
                        StarRating {
                            mods: 80,
                            stars: 7.502622604370117,
                        },
                        StarRating {
                            mods: 272,
                            stars: 3.9379875659942627,
                        },
                        StarRating {
                            mods: 2,
                            stars: 4.950815677642822,
                        },
                        StarRating {
                            mods: 66,
                            stars: 6.7909674644470215,
                        },
                        StarRating {
                            mods: 258,
                            stars: 3.937933921813965,
                        },
                    ],
                    [],
                    [],
                ],
                drain_time_s: 123,
                total_time_ms: 124169,
                preview_time_ms: 79907,
                timing_points: [
                    TimingPoint {
                        bpm: 352.941176470588,
                        offset: 496.0,
                        uninherited: 1,
                    },
                    TimingPoint {
                        bpm: 428.571428571429,
                        offset: 121201.0,
                        uninherited: 1,
                    },
                    TimingPoint {
                        bpm: 545.454545454546,
                        offset: 122058.0,
                        uninherited: 1,
                    },
                ],
                beatmap_id: 1009,
                beatmapset_id: 1009,
                thread_id: 0,
                grades: [
                    9,
                    9,
                    9,
                    9,
                ],
                local_offset: 0,
                stack_leniency: 0.7,
                mode: 1,
                source: Present("source-9"),
                tags: Present("tags-9"),
                online_offset: 0,
                title_font: Present(""),
                unplayed: 1,
                last_played_ticks: 180000000000,
                is_osz2: 0,
                folder: Present("folder-9"),
                last_checked_ticks: 639138715058371307,
                ignore_sound: 0,
                ignore_skin: 0,
                disable_storyboard: 0,
                disable_video: 0,
                visual_override: 0,
                last_modified_raw: 0,
                mania_scroll_speed: 0,
            },
            OsuDbBeatmap {
                artist: Present("artist-10"),
                artist_unicode: Present("artist_unicode-10"),
                title: Present("title-10"),
                title_unicode: Present("title_unicode-10"),
                creator: Present("creator-10"),
                difficulty: Present("difficulty-10"),
                audio_file: Present("audio-10"),
                md5: Present("5faacfdeca27ddd02eea36ff3d78c3b2"),
                osu_file: Present("file-10"),
                ranked_status: 2,
                n_circles: 2375,
                n_sliders: 179,
                n_spinners: 0,
                last_modified_ticks: 639138889053722003,
                approach_rate: 6.3,
                circle_size: 7.0,
                hp_drain: 8.0,
                overall_difficulty: 8.0,
                slider_velocity: 1.4,
                star_ratings: [
                    [],
                    [],
                    [],
                    [
                        StarRating {
                            mods: 0,
                            stars: 6.47083044052124,
                        },
                        StarRating {
                            mods: 64,
                            stars: 9.204957962036133,
                        },
                        StarRating {
                            mods: 256,
                            stars: 5.09756326675415,
                        },
                        StarRating {
                            mods: 2,
                            stars: 6.47083044052124,
                        },
                        StarRating {
                            mods: 66,
                            stars: 9.204957962036133,
                        },
                        StarRating {
                            mods: 258,
                            stars: 5.09756326675415,
                        },
                        StarRating {
                            mods: 16,
                            stars: 6.47083044052124,
                        },
                        StarRating {
                            mods: 80,
                            stars: 9.204957962036133,
                        },
                        StarRating {
                            mods: 272,
                            stars: 5.09756326675415,
                        },
                    ],
                ],
                drain_time_s: 131,
                total_time_ms: 131492,
                preview_time_ms: 40880,
                timing_points: [
                    TimingPoint {
                        bpm: 306.122448979592,
                        offset: 472.0,
                        uninherited: 1,
                    },
                ],
                beatmap_id: 1010,
                beatmapset_id: 1010,
                thread_id: 0,
                grades: [
                    4,
                    9,
                    9,
                    9,
                ],
                local_offset: 0,
                stack_leniency: 0.7,
                mode: 3,
                source: Present(""),
                tags: Present(""),
                online_offset: 0,
                title_font: Present(""),
                unplayed: 0,
                last_played_ticks: 639261311463406890,
                is_osz2: 0,
                folder: Present("folder-10"),
                last_checked_ticks: 639139559407775407,
                ignore_sound: 0,
                ignore_skin: 0,
                disable_storyboard: 0,
                disable_video: 0,
                visual_override: 0,
                last_modified_raw: 0,
                mania_scroll_speed: 0,
            },
            OsuDbBeatmap {
                artist: Present("artist-11"),
                artist_unicode: Present("artist_unicode-11"),
                title: Present("title-11"),
                title_unicode: Present("title_unicode-11"),
                creator: Present("creator-11"),
                difficulty: Present("difficulty-11"),
                audio_file: Present("audio-11"),
                md5: Present("d3baa3bd5dc1d0131839efdcc246f0a4"),
                osu_file: Present("file-11"),
                ranked_status: 0,
                n_circles: 941,
                n_sliders: 941,
                n_spinners: 0,
                last_modified_ticks: 639262255187174265,
                approach_rate: 5.0,
                circle_size: 7.0,
                hp_drain: 7.0,
                overall_difficulty: 5.0,
                slider_velocity: 1.4,
                star_ratings: [
                    [],
                    [],
                    [],
                    [
                        StarRating {
                            mods: 0,
                            stars: 2.8313677310943604,
                        },
                        StarRating {
                            mods: 64,
                            stars: 3.751621723175049,
                        },
                        StarRating {
                            mods: 256,
                            stars: 2.337064743041992,
                        },
                        StarRating {
                            mods: 2,
                            stars: 2.8313677310943604,
                        },
                        StarRating {
                            mods: 66,
                            stars: 3.751621723175049,
                        },
                        StarRating {
                            mods: 258,
                            stars: 2.337064743041992,
                        },
                        StarRating {
                            mods: 16,
                            stars: 2.8313677310943604,
                        },
                        StarRating {
                            mods: 80,
                            stars: 3.751621723175049,
                        },
                        StarRating {
                            mods: 272,
                            stars: 2.337064743041992,
                        },
                    ],
                ],
                drain_time_s: 356,
                total_time_ms: 390484,
                preview_time_ms: 1088,
                timing_points: [
                    TimingPoint {
                        bpm: 540.540540540541,
                        offset: 7.0,
                        uninherited: 1,
                    },
                    TimingPoint {
                        bpm: 857.142857142857,
                        offset: 108655.0,
                        uninherited: 1,
                    },
                    TimingPoint {
                        bpm: 631.578947368421,
                        offset: 153815.0,
                        uninherited: 1,
                    },
                ],
                beatmap_id: 1011,
                beatmapset_id: 1011,
                thread_id: 0,
                grades: [
                    9,
                    9,
                    9,
                    9,
                ],
                local_offset: 0,
                stack_leniency: 0.7,
                mode: 3,
                source: Present(""),
                tags: Present("tags-11"),
                online_offset: 0,
                title_font: Present(""),
                unplayed: 1,
                last_played_ticks: 180000000000,
                is_osz2: 0,
                folder: Present("folder-11"),
                last_checked_ticks: 0,
                ignore_sound: 0,
                ignore_skin: 0,
                disable_storyboard: 0,
                disable_video: 0,
                visual_override: 0,
                last_modified_raw: 0,
                mania_scroll_speed: 0,
            },
            OsuDbBeatmap {
                artist: Present("artist-12"),
                artist_unicode: Present("artist_unicode-12"),
                title: Present("title-12"),
                title_unicode: Present("title_unicode-12"),
                creator: Present("creator-12"),
                difficulty: Present("difficulty-12"),
                audio_file: Present("audio-12"),
                md5: Present("a592a0488cfa9a4b36720b9f1f4c36f4"),
                osu_file: Present("file-12"),
                ranked_status: 2,
                n_circles: 290,
                n_sliders: 102,
                n_spinners: 1,
                last_modified_ticks: 639138884557528902,
                approach_rate: 9.0,
                circle_size: 4.0,
                hp_drain: 7.0,
                overall_difficulty: 9.0,
                slider_velocity: 1.6,
                star_ratings: [
                    [],
                    [],
                    [
                        StarRating {
                            mods: 0,
                            stars: 5.359338283538818,
                        },
                        StarRating {
                            mods: 64,
                            stars: 7.677386283874512,
                        },
                        StarRating {
                            mods: 256,
                            stars: 4.20392370223999,
                        },
                        StarRating {
                            mods: 2,
                            stars: 5.292154312133789,
                        },
                        StarRating {
                            mods: 66,
                            stars: 7.5623931884765625,
                        },
                        StarRating {
                            mods: 258,
                            stars: 4.134419918060303,
                        },
                        StarRating {
                            mods: 16,
                            stars: 5.98972225189209,
                        },
                        StarRating {
                            mods: 80,
                            stars: 8.489824295043945,
                        },
                        StarRating {
                            mods: 272,
                            stars: 4.663509368896484,
                        },
                    ],
                    [],
                ],
                drain_time_s: 87,
                total_time_ms: 88602,
                preview_time_ms: 48268,
                timing_points: [
                    TimingPoint {
                        bpm: 333.333333333333,
                        offset: 603.0,
                        uninherited: 1,
                    },
                ],
                beatmap_id: 1012,
                beatmapset_id: 1012,
                thread_id: 0,
                grades: [
                    9,
                    9,
                    9,
                    9,
                ],
                local_offset: 0,
                stack_leniency: 0.7,
                mode: 2,
                source: Present("source-12"),
                tags: Present("tags-12"),
                online_offset: 0,
                title_font: Present(""),
                unplayed: 1,
                last_played_ticks: 180000000000,
                is_osz2: 0,
                folder: Present("folder-12"),
                last_checked_ticks: 639138715168375155,
                ignore_sound: 0,
                ignore_skin: 0,
                disable_storyboard: 0,
                disable_video: 0,
                visual_override: 0,
                last_modified_raw: 0,
                mania_scroll_speed: 0,
            },
        ],
        permissions: 0,
    },
    Diagnostics(
        [],
    ),
)
